// Jest Snapshot v1, https://goo.gl/fbAQLP

exports[`Message Component should render component 1`] = `
"<Form horizontal={true} onSubmit={[Function: onSubmit]} inline={false} componentClass=\\"form\\" bsClass=\\"form\\">
  <FormGroup bsClass=\\"form-group\\">
    <Col sm={2} componentClass={[Function: ControlLabel]} bsClass=\\"col\\">
      Message
    </Col>
    <Col sm={10} componentClass=\\"div\\" bsClass=\\"col\\">
      <FormControl componentClass=\\"textarea\\" id=\\"message-id\\" onChange={[Function: onChange]} bsClass=\\"form-control\\" />
    </Col>
  </FormGroup>
  <Button type=\\"submit\\" className=\\"save-btn\\" id=\\"save-id\\" onSubmit={[Function: onSubmit]} active={false} block={false} disabled={false} bsStyle=\\"default\\" bsClass=\\"btn\\">
    Send
  </Button>
</Form>"
`;
